{"level":30,"timestamp":"2025-05-15T09:21:33.447Z","env":"production","version":"0.0.0","env":"production","nodeVersion":"v22.5.1","pid":13740,"message":"Logger initialized successfully"}
{"level":30,"timestamp":"2025-05-15T09:21:47.603Z","env":"production","version":"0.0.0","env":"production","nodeVersion":"v22.5.1","pid":12336,"message":"Logger initialized successfully"}
{"level":30,"timestamp":"2025-05-15T09:22:00.206Z","env":"production","version":"0.0.0","env":"production","nodeVersion":"v22.5.1","pid":7496,"message":"Logger initialized successfully"}
{"level":30,"timestamp":"2025-05-15T09:22:09.987Z","env":"production","version":"0.0.0","env":"production","nodeVersion":"v22.5.1","pid":6396,"message":"Logger initialized successfully"}
{"level":30,"timestamp":"2025-05-15T09:22:46.275Z","env":"production","version":"0.0.0","env":"production","nodeVersion":"v22.5.1","pid":14124,"message":"Logger initialized successfully"}
{"level":30,"timestamp":"2025-05-15T09:23:39.569Z","env":"production","version":"0.0.0","route":"/showroom","handler":"createShowroom","message":"New Showroom Created"}
{"level":30,"timestamp":"2025-05-15T09:23:39.693Z","env":"production","version":"0.0.0","route":"/showroom","handler":"createShowroom","showroomName":"1234567890","doneBy":{"id":"67e112a26d1d6bfc6e44b15a","user":{"name":"Admin-RSA@gmail.com"},"iat":1746528590},"message":"New Showroom added in database successfully."}
{"level":30,"timestamp":"2025-05-15T09:28:47.517Z","env":"production","version":"0.0.0","route":"/showroom","handler":"createShowroom","message":"Showroom fething..."}
{"level":30,"timestamp":"2025-05-15T09:28:47.916Z","env":"production","version":"0.0.0","route":"/showroom","handler":"createShowroom","ShowroomCount":18,"message":"Showroom fetched successfully."}
{"level":30,"timestamp":"2025-05-15T09:28:47.928Z","env":"production","version":"0.0.0","route":"/showroom","handler":"createShowroom","message":"Showroom fething..."}
{"level":30,"timestamp":"2025-05-15T09:28:48.137Z","env":"production","version":"0.0.0","route":"/showroom","handler":"createShowroom","ShowroomCount":18,"message":"Showroom fetched successfully."}
{"level":30,"timestamp":"2025-05-15T09:32:02.111Z","env":"production","version":"0.0.0","route":"/showroom","handler":"createShowroom","message":"Showroom fething..."}
{"level":30,"timestamp":"2025-05-15T09:32:03.078Z","env":"production","version":"0.0.0","route":"/showroom","handler":"createShowroom","ShowroomCount":18,"message":"Showroom fetched successfully."}
{"level":30,"timestamp":"2025-05-15T09:32:03.085Z","env":"production","version":"0.0.0","route":"/showroom","handler":"createShowroom","message":"Showroom fething..."}
{"level":30,"timestamp":"2025-05-15T09:32:45.258Z","env":"production","version":"0.0.0","route":"/showroom","handler":"createShowroom","ShowroomCount":18,"message":"Showroom fetched successfully."}
{"level":30,"timestamp":"2025-05-15T09:39:48.967Z","env":"production","version":"0.0.0","route":"/showroom","handler":"createShowroom","message":"Showroom fething..."}
{"level":30,"timestamp":"2025-05-15T09:39:49.558Z","env":"production","version":"0.0.0","route":"/showroom","handler":"createShowroom","ShowroomCount":18,"message":"Showroom fetched successfully."}
{"level":30,"timestamp":"2025-05-15T09:40:15.027Z","env":"production","version":"0.0.0","route":"/booking","handler":"createBooking","fileNumber":"PMNA-1747301524790","doneBy":{"id":"67e112a26d1d6bfc6e44b15a","user":{"name":"Admin-RSA@gmail.com"},"iat":1746528590},"message":"New Booking creation process started..."}
{"level":50,"timestamp":"2025-05-15T09:40:15.517Z","env":"production","version":"0.0.0","route":"/booking","handler":"createBooking","fileNumber":"PMNA-1747301524790","doneBy":{"id":"67e112a26d1d6bfc6e44b15a","user":{"name":"Admin-RSA@gmail.com"},"iat":1746528590},"message":"New Booking creation process failed, Driver not found"}
{"level":30,"timestamp":"2025-05-15T09:40:15.697Z","env":"production","version":"0.0.0","route":"/booking","handler":"createBooking","fileNumber":"PMNA-1747301524790","doneBy":{"id":"67e112a26d1d6bfc6e44b15a","user":{"name":"Admin-RSA@gmail.com"},"iat":1746528590},"message":"New Booking created successfull."}
{"level":30,"timestamp":"2025-05-15T09:40:17.109Z","env":"production","version":"0.0.0","route":"/booking","handler":"createBooking","doneBy":{"id":"67e112a26d1d6bfc6e44b15a","user":{"name":"Admin-RSA@gmail.com"},"iat":1746528590},"message":"Booking fetch success."}
{"level":30,"timestamp":"2025-05-15T09:40:17.668Z","env":"production","version":"0.0.0","route":"/booking","handler":"createBooking","doneBy":{"id":"67e112a26d1d6bfc6e44b15a","user":{"name":"Admin-RSA@gmail.com"},"iat":1746528590},"message":"Booking fetch success."}
{"level":30,"timestamp":"2025-05-15T09:40:19.463Z","env":"production","version":"0.0.0","route":"/showroom","handler":"createShowroom","message":"Showroom fething..."}
{"level":30,"timestamp":"2025-05-15T09:40:19.688Z","env":"production","version":"0.0.0","route":"/showroom","handler":"createShowroom","ShowroomCount":18,"message":"Showroom fetched successfully."}
{"level":30,"timestamp":"2025-05-15T09:40:19.698Z","env":"production","version":"0.0.0","route":"/showroom","handler":"createShowroom","message":"Showroom fething..."}
{"level":30,"timestamp":"2025-05-15T09:40:19.844Z","env":"production","version":"0.0.0","route":"/showroom","handler":"createShowroom","ShowroomCount":18,"message":"Showroom fetched successfully."}
{"level":30,"timestamp":"2025-05-15T09:40:19.877Z","env":"production","version":"0.0.0","route":"/showroom","handler":"createShowroom","message":"Showroom fething..."}
{"level":30,"timestamp":"2025-05-15T09:40:20.165Z","env":"production","version":"0.0.0","route":"/showroom","handler":"createShowroom","ShowroomCount":18,"message":"Showroom fetched successfully."}
{"level":30,"timestamp":"2025-05-15T09:40:20.170Z","env":"production","version":"0.0.0","route":"/showroom","handler":"createShowroom","message":"Showroom fething..."}
{"level":30,"timestamp":"2025-05-15T09:40:20.294Z","env":"production","version":"0.0.0","route":"/showroom","handler":"createShowroom","ShowroomCount":18,"message":"Showroom fetched successfully."}
{"level":30,"timestamp":"2025-05-15T09:40:24.153Z","env":"production","version":"0.0.0","route":"/booking","handler":"createBooking","doneBy":{"id":"67e112a26d1d6bfc6e44b15a","user":{"name":"Admin-RSA@gmail.com"},"iat":1746528590},"message":"Booking fetch success."}
{"level":30,"timestamp":"2025-05-15T09:40:24.714Z","env":"production","version":"0.0.0","route":"/booking","handler":"createBooking","doneBy":{"id":"67e112a26d1d6bfc6e44b15a","user":{"name":"Admin-RSA@gmail.com"},"iat":1746528590},"message":"Booking fetch success."}
{"level":30,"timestamp":"2025-05-15T09:41:15.088Z","env":"production","version":"0.0.0","route":"/showroom","handler":"createShowroom","message":"New Showroom Created"}
{"level":30,"timestamp":"2025-05-15T09:41:15.193Z","env":"production","version":"0.0.0","route":"/showroom","handler":"createShowroom","showroomName":"Hadhi 23232Hassan","doneBy":{"id":"67e112a26d1d6bfc6e44b15a","user":{"name":"Admin-RSA@gmail.com"},"iat":1746528590},"message":"New Showroom added in database successfully."}
{"level":30,"timestamp":"2025-05-15T09:44:15.586Z","env":"production","version":"0.0.0","env":"production","nodeVersion":"v22.5.1","pid":8024,"message":"Logger initialized successfully"}
{"level":30,"timestamp":"2025-05-28T08:06:37.625Z","env":"production","version":"0.0.0","env":"production","nodeVersion":"v22.14.0","pid":11676,"message":"Logger initialized successfully"}
{"level":30,"timestamp":"2025-05-28T08:06:42.555Z","env":"production","version":"0.0.0","route":"/showroom","handler":"createShowroom","message":"Showroom fething..."}
{"level":30,"timestamp":"2025-05-28T08:06:42.827Z","env":"production","version":"0.0.0","route":"/showroom","handler":"createShowroom","ShowroomCount":21,"message":"Showroom fetched successfully."}
{"level":30,"timestamp":"2025-05-28T08:06:42.834Z","env":"production","version":"0.0.0","route":"/showroom","handler":"createShowroom","message":"Showroom fething..."}
{"level":30,"timestamp":"2025-05-28T08:06:42.952Z","env":"production","version":"0.0.0","route":"/showroom","handler":"createShowroom","ShowroomCount":21,"message":"Showroom fetched successfully."}
{"level":30,"timestamp":"2025-05-28T08:10:37.896Z","env":"production","version":"0.0.0","route":"/showroom","handler":"createShowroom","message":"Showroom fething..."}
{"level":30,"timestamp":"2025-05-28T08:10:38.562Z","env":"production","version":"0.0.0","route":"/showroom","handler":"createShowroom","ShowroomCount":21,"message":"Showroom fetched successfully."}
{"level":30,"timestamp":"2025-05-28T08:12:55.436Z","env":"production","version":"0.0.0","route":"/showroom","handler":"createShowroom","message":"Showroom fething..."}
{"level":30,"timestamp":"2025-05-28T08:12:56.125Z","env":"production","version":"0.0.0","route":"/showroom","handler":"createShowroom","ShowroomCount":21,"message":"Showroom fetched successfully."}
{"level":30,"timestamp":"2025-05-28T08:27:17.673Z","env":"production","version":"0.0.0","route":"/showroom","handler":"createShowroom","message":"Showroom fething..."}
{"level":30,"timestamp":"2025-05-28T08:27:20.869Z","env":"production","version":"0.0.0","route":"/showroom","handler":"createShowroom","ShowroomCount":21,"message":"Showroom fetched successfully."}
{"level":30,"timestamp":"2025-05-28T08:27:35.665Z","env":"production","version":"0.0.0","route":"/showroom","handler":"createShowroom","message":"Showroom fething..."}
{"level":30,"timestamp":"2025-05-28T08:27:36.242Z","env":"production","version":"0.0.0","route":"/showroom","handler":"createShowroom","ShowroomCount":21,"message":"Showroom fetched successfully."}
{"level":30,"timestamp":"2025-05-28T08:27:40.890Z","env":"production","version":"0.0.0","route":"/showroom","handler":"createShowroom","message":"Showroom fething..."}
{"level":30,"timestamp":"2025-05-28T08:27:41.293Z","env":"production","version":"0.0.0","route":"/showroom","handler":"createShowroom","ShowroomCount":21,"message":"Showroom fetched successfully."}
{"level":30,"timestamp":"2025-05-28T08:27:41.304Z","env":"production","version":"0.0.0","route":"/showroom","handler":"createShowroom","message":"Showroom fething..."}
{"level":30,"timestamp":"2025-05-28T08:27:41.442Z","env":"production","version":"0.0.0","route":"/showroom","handler":"createShowroom","ShowroomCount":21,"message":"Showroom fetched successfully."}
{"level":30,"timestamp":"2025-05-28T08:28:22.347Z","env":"production","version":"0.0.0","route":"/showroom","handler":"createShowroom","message":"Showroom fething..."}
{"level":30,"timestamp":"2025-05-28T08:28:25.190Z","env":"production","version":"0.0.0","route":"/showroom","handler":"createShowroom","ShowroomCount":21,"message":"Showroom fetched successfully."}
{"level":30,"timestamp":"2025-05-28T08:28:56.455Z","env":"production","version":"0.0.0","route":"/booking","handler":"createBooking","fileNumber":"PMNA-1748420863145","doneBy":{"id":"67e112a26d1d6bfc6e44b15a","user":{"name":"RSA@gmail.com","role":"Admin"},"iat":1747287107},"message":"New Booking creation process started..."}
{"level":50,"timestamp":"2025-05-28T08:28:57.063Z","env":"production","version":"0.0.0","route":"/booking","handler":"createBooking","fileNumber":"PMNA-1748420863145","doneBy":{"id":"67e112a26d1d6bfc6e44b15a","user":{"name":"RSA@gmail.com","role":"Admin"},"iat":1747287107},"message":"New Booking creation process failed, Driver not found"}
{"level":30,"timestamp":"2025-05-28T08:28:58.117Z","env":"production","version":"0.0.0","route":"/booking","handler":"createBooking","fileNumber":"PMNA-1748420863145","doneBy":{"id":"67e112a26d1d6bfc6e44b15a","user":{"name":"RSA@gmail.com","role":"Admin"},"iat":1747287107},"message":"New Booking created successfull."}
{"level":30,"timestamp":"2025-05-28T08:29:00.505Z","env":"production","version":"0.0.0","route":"/booking","handler":"createBooking","doneBy":{"id":"67e112a26d1d6bfc6e44b15a","user":{"name":"RSA@gmail.com","role":"Admin"},"iat":1747287107},"message":"Booking fetch success."}
{"level":30,"timestamp":"2025-05-28T08:29:03.542Z","env":"production","version":"0.0.0","route":"/booking","handler":"createBooking","doneBy":{"id":"67e112a26d1d6bfc6e44b15a","user":{"name":"RSA@gmail.com","role":"Admin"},"iat":1747287107},"message":"Booking fetch success."}
{"level":30,"timestamp":"2025-05-28T08:32:44.491Z","env":"production","version":"0.0.0","route":"/booking","handler":"createBooking","doneBy":{"id":"67e112a26d1d6bfc6e44b15a","user":{"name":"RSA@gmail.com","role":"Admin"},"iat":1747287107},"message":"Booking fetch success."}
{"level":30,"timestamp":"2025-05-28T08:32:45.118Z","env":"production","version":"0.0.0","route":"/booking","handler":"createBooking","doneBy":{"id":"67e112a26d1d6bfc6e44b15a","user":{"name":"RSA@gmail.com","role":"Admin"},"iat":1747287107},"message":"Booking fetch success."}
{"level":30,"timestamp":"2025-05-28T08:32:47.423Z","env":"production","version":"0.0.0","route":"/showroom","handler":"createShowroom","message":"Showroom fething..."}
{"level":30,"timestamp":"2025-05-28T08:32:47.657Z","env":"production","version":"0.0.0","route":"/showroom","handler":"createShowroom","ShowroomCount":21,"message":"Showroom fetched successfully."}
{"level":30,"timestamp":"2025-05-28T08:32:47.676Z","env":"production","version":"0.0.0","route":"/showroom","handler":"createShowroom","message":"Showroom fething..."}
{"level":30,"timestamp":"2025-05-28T08:32:47.830Z","env":"production","version":"0.0.0","route":"/showroom","handler":"createShowroom","ShowroomCount":21,"message":"Showroom fetched successfully."}
{"level":30,"timestamp":"2025-05-28T08:32:47.856Z","env":"production","version":"0.0.0","route":"/showroom","handler":"createShowroom","message":"Showroom fething..."}
{"level":30,"timestamp":"2025-05-28T08:32:48.015Z","env":"production","version":"0.0.0","route":"/showroom","handler":"createShowroom","ShowroomCount":21,"message":"Showroom fetched successfully."}
{"level":30,"timestamp":"2025-05-28T08:32:48.065Z","env":"production","version":"0.0.0","route":"/showroom","handler":"createShowroom","message":"Showroom fething..."}
{"level":30,"timestamp":"2025-05-28T08:32:48.147Z","env":"production","version":"0.0.0","route":"/showroom","handler":"createShowroom","ShowroomCount":21,"message":"Showroom fetched successfully."}
{"level":30,"timestamp":"2025-05-28T08:32:57.462Z","env":"production","version":"0.0.0","route":"/showroom","handler":"createShowroom","message":"Showroom fething..."}
{"level":30,"timestamp":"2025-05-28T08:32:57.839Z","env":"production","version":"0.0.0","route":"/showroom","handler":"createShowroom","ShowroomCount":21,"message":"Showroom fetched successfully."}
{"level":30,"timestamp":"2025-05-28T08:33:01.262Z","env":"production","version":"0.0.0","route":"/showroom","handler":"createShowroom","message":"Showroom fething..."}
{"level":30,"timestamp":"2025-05-28T08:33:02.067Z","env":"production","version":"0.0.0","route":"/showroom","handler":"createShowroom","ShowroomCount":21,"message":"Showroom fetched successfully."}
{"level":30,"timestamp":"2025-05-28T08:33:22.705Z","env":"production","version":"0.0.0","route":"/booking","handler":"updateBooking","doneBy":{"id":"67e112a26d1d6bfc6e44b15a","user":{"name":"RSA@gmail.com","role":"Admin"},"iat":1747287107},"message":"Update Booking  process started..."}
{"level":30,"timestamp":"2025-05-28T08:33:24.330Z","env":"production","version":"0.0.0","route":"/booking","handler":"updateBooking","fileNumber":"PMNA-1748420863145","doneBy":{"id":"67e112a26d1d6bfc6e44b15a","user":{"name":"RSA@gmail.com","role":"Admin"},"iat":1747287107},"message":"Booking updated successfully..."}
{"level":30,"timestamp":"2025-05-28T08:33:25.059Z","env":"production","version":"0.0.0","route":"/booking","handler":"createBooking","doneBy":{"id":"67e112a26d1d6bfc6e44b15a","user":{"name":"RSA@gmail.com","role":"Admin"},"iat":1747287107},"message":"Booking fetch success."}
{"level":30,"timestamp":"2025-05-28T08:33:25.530Z","env":"production","version":"0.0.0","route":"/booking","handler":"createBooking","doneBy":{"id":"67e112a26d1d6bfc6e44b15a","user":{"name":"RSA@gmail.com","role":"Admin"},"iat":1747287107},"message":"Booking fetch success."}
{"level":30,"timestamp":"2025-05-28T14:39:26.540Z","env":"production","version":"0.0.0","env":"production","nodeVersion":"v22.14.0","pid":19020,"message":"Logger initialized successfully"}
{"level":30,"timestamp":"2025-05-29T06:20:46.617Z","env":"production","version":"0.0.0","route":"/booking","handler":"createBooking","doneBy":{"id":"67e112a26d1d6bfc6e44b15a","user":{"name":"RSA@gmail.com","role":"Admin"},"iat":1747287107},"message":"Booking fetch success."}
{"level":30,"timestamp":"2025-05-29T06:37:19.126Z","env":"production","version":"0.0.0","env":"production","nodeVersion":"v22.14.0","pid":15972,"message":"Logger initialized successfully"}
{"level":30,"timestamp":"2025-05-29T06:37:37.642Z","env":"production","version":"0.0.0","env":"production","nodeVersion":"v22.14.0","pid":33440,"message":"Logger initialized successfully"}
{"level":30,"timestamp":"2025-05-29T06:39:51.632Z","env":"production","version":"0.0.0","env":"production","nodeVersion":"v22.14.0","pid":33260,"message":"Logger initialized successfully"}
{"level":30,"timestamp":"2025-05-29T06:40:36.607Z","env":"production","version":"0.0.0","env":"production","nodeVersion":"v22.14.0","pid":31476,"message":"Logger initialized successfully"}
{"level":30,"timestamp":"2025-05-29T06:40:47.681Z","env":"production","version":"0.0.0","env":"production","nodeVersion":"v22.14.0","pid":21988,"message":"Logger initialized successfully"}
{"level":30,"timestamp":"2025-05-29T07:55:01.624Z","env":"production","version":"0.0.0","env":"production","nodeVersion":"v22.14.0","pid":20652,"message":"Logger initialized successfully"}
{"level":30,"timestamp":"2025-05-29T10:23:22.675Z","env":"production","version":"0.0.0","env":"production","nodeVersion":"v22.14.0","pid":28860,"message":"Logger initialized successfully"}
{"level":30,"timestamp":"2025-05-29T10:26:40.223Z","env":"production","version":"0.0.0","route":"/booking","handler":"createBooking","doneBy":{"id":"67e112a26d1d6bfc6e44b15a","user":{"name":"RSA@gmail.com","role":"Admin"},"iat":1747287107},"message":"Booking fetch success."}
{"level":30,"timestamp":"2025-05-29T10:26:52.525Z","env":"production","version":"0.0.0","route":"/booking","handler":"createBooking","doneBy":{"id":"67e112a26d1d6bfc6e44b15a","user":{"name":"RSA@gmail.com","role":"Admin"},"iat":1747287107},"message":"Booking fetch success."}
{"level":30,"timestamp":"2025-05-29T10:26:52.577Z","env":"production","version":"0.0.0","route":"/booking","handler":"createBooking","doneBy":{"id":"67e112a26d1d6bfc6e44b15a","user":{"name":"RSA@gmail.com","role":"Admin"},"iat":1747287107},"message":"Booking fetch success."}
{"level":30,"timestamp":"2025-05-29T10:26:53.110Z","env":"production","version":"0.0.0","route":"/booking","handler":"createBooking","doneBy":{"id":"67e112a26d1d6bfc6e44b15a","user":{"name":"RSA@gmail.com","role":"Admin"},"iat":1747287107},"message":"Booking fetch success."}
{"level":30,"timestamp":"2025-05-29T10:29:56.927Z","env":"production","version":"0.0.0","route":"/booking","handler":"createBooking","doneBy":{"id":"67e112a26d1d6bfc6e44b15a","user":{"name":"RSA@gmail.com","role":"Admin"},"iat":1747287107},"message":"Booking fetch success."}
{"level":30,"timestamp":"2025-05-29T10:29:57.366Z","env":"production","version":"0.0.0","route":"/booking","handler":"createBooking","doneBy":{"id":"67e112a26d1d6bfc6e44b15a","user":{"name":"RSA@gmail.com","role":"Admin"},"iat":1747287107},"message":"Booking fetch success."}
{"level":30,"timestamp":"2025-05-29T10:30:17.590Z","env":"production","version":"0.0.0","route":"/booking","handler":"updateBooking","doneBy":{"id":"67e112a26d1d6bfc6e44b15a","user":{"name":"RSA@gmail.com","role":"Admin"},"iat":1747287107},"message":"Update Booking  process started..."}
{"level":30,"timestamp":"2025-05-29T10:30:18.540Z","env":"production","version":"0.0.0","route":"/booking","handler":"updateBooking","fileNumber":"PMNA-1748420863145","doneBy":{"id":"67e112a26d1d6bfc6e44b15a","user":{"name":"RSA@gmail.com","role":"Admin"},"iat":1747287107},"message":"Booking updated successfully..."}
{"level":30,"timestamp":"2025-05-29T10:30:20.443Z","env":"production","version":"0.0.0","route":"/booking","handler":"createBooking","doneBy":{"id":"67e112a26d1d6bfc6e44b15a","user":{"name":"RSA@gmail.com","role":"Admin"},"iat":1747287107},"message":"Booking fetch success."}
{"level":30,"timestamp":"2025-05-29T10:30:21.427Z","env":"production","version":"0.0.0","route":"/booking","handler":"createBooking","doneBy":{"id":"67e112a26d1d6bfc6e44b15a","user":{"name":"RSA@gmail.com","role":"Admin"},"iat":1747287107},"message":"Booking fetch success."}
{"level":30,"timestamp":"2025-05-29T10:33:22.559Z","env":"production","version":"0.0.0","route":"/booking","handler":"createBooking","doneBy":{"id":"67e112a26d1d6bfc6e44b15a","user":{"name":"RSA@gmail.com","role":"Admin"},"iat":1747287107},"message":"Booking fetch success."}
{"level":30,"timestamp":"2025-05-29T10:33:22.940Z","env":"production","version":"0.0.0","route":"/booking","handler":"createBooking","doneBy":{"id":"67e112a26d1d6bfc6e44b15a","user":{"name":"RSA@gmail.com","role":"Admin"},"iat":1747287107},"message":"Booking fetch success."}
{"level":30,"timestamp":"2025-05-29T10:33:28.684Z","env":"production","version":"0.0.0","route":"/booking","handler":"createBooking","doneBy":{"id":"67e112a26d1d6bfc6e44b15a","user":{"name":"RSA@gmail.com","role":"Admin"},"iat":1747287107},"message":"Booking fetch success."}
{"level":30,"timestamp":"2025-05-29T10:33:29.030Z","env":"production","version":"0.0.0","route":"/booking","handler":"createBooking","doneBy":{"id":"67e112a26d1d6bfc6e44b15a","user":{"name":"RSA@gmail.com","role":"Admin"},"iat":1747287107},"message":"Booking fetch success."}
{"level":30,"timestamp":"2025-05-29T10:34:24.509Z","env":"production","version":"0.0.0","route":"/booking","handler":"updateBooking","doneBy":{"id":"67e112a26d1d6bfc6e44b15a","user":{"name":"RSA@gmail.com","role":"Admin"},"iat":1747287107},"message":"Update Booking  process started..."}
{"level":30,"timestamp":"2025-05-29T10:34:25.442Z","env":"production","version":"0.0.0","route":"/booking","handler":"updateBooking","fileNumber":"PMNA-1748420863145","doneBy":{"id":"67e112a26d1d6bfc6e44b15a","user":{"name":"RSA@gmail.com","role":"Admin"},"iat":1747287107},"message":"Booking updated successfully..."}
{"level":30,"timestamp":"2025-05-29T10:34:29.463Z","env":"production","version":"0.0.0","route":"/booking","handler":"createBooking","doneBy":{"id":"67e112a26d1d6bfc6e44b15a","user":{"name":"RSA@gmail.com","role":"Admin"},"iat":1747287107},"message":"Booking fetch success."}
{"level":30,"timestamp":"2025-05-29T10:34:30.690Z","env":"production","version":"0.0.0","route":"/booking","handler":"createBooking","doneBy":{"id":"67e112a26d1d6bfc6e44b15a","user":{"name":"RSA@gmail.com","role":"Admin"},"iat":1747287107},"message":"Booking fetch success."}
{"level":30,"timestamp":"2025-05-29T10:34:39.761Z","env":"production","version":"0.0.0","route":"/booking","handler":"createBooking","doneBy":{"id":"67e112a26d1d6bfc6e44b15a","user":{"name":"RSA@gmail.com","role":"Admin"},"iat":1747287107},"message":"Booking fetch success."}
{"level":30,"timestamp":"2025-05-29T10:34:41.157Z","env":"production","version":"0.0.0","route":"/booking","handler":"createBooking","doneBy":{"id":"67e112a26d1d6bfc6e44b15a","user":{"name":"RSA@gmail.com","role":"Admin"},"iat":1747287107},"message":"Booking fetch success."}
{"level":30,"timestamp":"2025-05-29T10:35:24.334Z","env":"production","version":"0.0.0","route":"/booking","handler":"updateBooking","doneBy":{"id":"67e112a26d1d6bfc6e44b15a","user":{"name":"RSA@gmail.com","role":"Admin"},"iat":1747287107},"message":"Update Booking  process started..."}
{"level":30,"timestamp":"2025-05-29T10:35:24.519Z","env":"production","version":"0.0.0","route":"/booking","handler":"updateBooking","fileNumber":"PMNA-1748420863145","doneBy":{"id":"67e112a26d1d6bfc6e44b15a","user":{"name":"RSA@gmail.com","role":"Admin"},"iat":1747287107},"message":"Booking updated successfully..."}
{"level":30,"timestamp":"2025-05-29T10:35:25.601Z","env":"production","version":"0.0.0","route":"/inventoryBooking","handler":"inventoryBooking","doneBy":{"id":"67e112a26d1d6bfc6e44b15a","user":{"name":"RSA@gmail.com","role":"Admin"},"iat":1747287107},"message":"The process to update inventory image has started...."}
{"level":30,"timestamp":"2025-05-29T10:35:25.727Z","env":"production","version":"0.0.0","route":"/inventoryBooking","handler":"inventoryBooking","fileNumber":"PMNA-1748420863145","doneBy":{"id":"67e112a26d1d6bfc6e44b15a","user":{"name":"RSA@gmail.com","role":"Admin"},"iat":1747287107},"message":"Inventory image added success....."}
{"level":30,"timestamp":"2025-05-29T10:35:27.760Z","env":"production","version":"0.0.0","route":"/booking","handler":"updateBooking","doneBy":{"id":"67e112a26d1d6bfc6e44b15a","user":{"name":"RSA@gmail.com","role":"Admin"},"iat":1747287107},"message":"Update Booking  process started..."}
{"level":30,"timestamp":"2025-05-29T10:35:27.963Z","env":"production","version":"0.0.0","route":"/booking","handler":"updateBooking","fileNumber":"PMNA-1748420863145","doneBy":{"id":"67e112a26d1d6bfc6e44b15a","user":{"name":"RSA@gmail.com","role":"Admin"},"iat":1747287107},"message":"Booking updated successfully..."}
{"level":30,"timestamp":"2025-05-29T10:35:51.207Z","env":"production","version":"0.0.0","route":"/booking","handler":"updateBooking","doneBy":{"id":"67e112a26d1d6bfc6e44b15a","user":{"name":"RSA@gmail.com","role":"Admin"},"iat":1747287107},"message":"Update Booking  process started..."}
{"level":30,"timestamp":"2025-05-29T10:35:52.382Z","env":"production","version":"0.0.0","route":"/booking","handler":"updateBooking","fileNumber":"PMNA-1748420863145","doneBy":{"id":"67e112a26d1d6bfc6e44b15a","user":{"name":"RSA@gmail.com","role":"Admin"},"iat":1747287107},"message":"Booking updated successfully..."}
{"level":30,"timestamp":"2025-05-29T10:35:54.994Z","env":"production","version":"0.0.0","route":"/booking","handler":"createBooking","doneBy":{"id":"67e112a26d1d6bfc6e44b15a","user":{"name":"RSA@gmail.com","role":"Admin"},"iat":1747287107},"message":"Booking fetch success."}
{"level":30,"timestamp":"2025-05-29T10:35:55.319Z","env":"production","version":"0.0.0","route":"/booking","handler":"createBooking","doneBy":{"id":"67e112a26d1d6bfc6e44b15a","user":{"name":"RSA@gmail.com","role":"Admin"},"iat":1747287107},"message":"Booking fetch success."}
{"level":30,"timestamp":"2025-05-29T10:36:14.060Z","env":"production","version":"0.0.0","route":"/verifyBooking","handler":"verifyBooking","doneBy":{"id":"67e112a26d1d6bfc6e44b15a","user":{"name":"RSA@gmail.com","role":"Admin"},"iat":1747287107},"message":"The process to verify  the booking has started...."}
{"level":30,"timestamp":"2025-05-29T10:36:14.330Z","env":"production","version":"0.0.0","route":"/verifyBooking","handler":"verifyBooking","fileNumber":"PMNA-1748420863145","doneBy":{"id":"67e112a26d1d6bfc6e44b15a","user":{"name":"RSA@gmail.com","role":"Admin"},"iat":1747287107},"message":"Booking verified successfully...."}
{"level":30,"timestamp":"2025-05-29T10:41:44.330Z","env":"production","version":"0.0.0","route":"/booking","handler":"createBooking","doneBy":{"id":"67e112a26d1d6bfc6e44b15a","user":{"name":"RSA@gmail.com","role":"Admin"},"iat":1747287107},"message":"Booking fetch success."}
{"level":30,"timestamp":"2025-05-29T10:42:37.894Z","env":"production","version":"0.0.0","route":"/booking","handler":"createBooking","doneBy":{"id":"67e112a26d1d6bfc6e44b15a","user":{"name":"RSA@gmail.com","role":"Admin"},"iat":1747287107},"message":"Booking fetch success."}
{"level":30,"timestamp":"2025-05-29T10:42:38.408Z","env":"production","version":"0.0.0","route":"/booking","handler":"createBooking","doneBy":{"id":"67e112a26d1d6bfc6e44b15a","user":{"name":"RSA@gmail.com","role":"Admin"},"iat":1747287107},"message":"Booking fetch success."}
{"level":30,"timestamp":"2025-05-29T10:42:38.443Z","env":"production","version":"0.0.0","route":"/booking","handler":"createBooking","doneBy":{"id":"67e112a26d1d6bfc6e44b15a","user":{"name":"RSA@gmail.com","role":"Admin"},"iat":1747287107},"message":"Booking fetch success."}
{"level":30,"timestamp":"2025-05-29T10:44:21.137Z","env":"production","version":"0.0.0","route":"/booking","handler":"createBooking","doneBy":{"id":"67e112a26d1d6bfc6e44b15a","user":{"name":"RSA@gmail.com","role":"Admin"},"iat":1747287107},"message":"Booking fetch success."}
{"level":30,"timestamp":"2025-05-30T14:01:55.893Z","env":"production","version":"0.0.0","env":"production","nodeVersion":"v22.14.0","pid":35400,"message":"Logger initialized successfully"}
{"level":30,"timestamp":"2025-05-30T14:19:45.128Z","env":"production","version":"0.0.0","env":"production","nodeVersion":"v22.14.0","pid":21720,"message":"Logger initialized successfully"}
{"level":30,"timestamp":"2025-05-30T14:20:10.190Z","env":"production","version":"0.0.0","env":"production","nodeVersion":"v22.14.0","pid":18936,"message":"Logger initialized successfully"}
{"level":30,"timestamp":"2025-05-30T14:20:26.316Z","env":"production","version":"0.0.0","env":"production","nodeVersion":"v22.14.0","pid":32792,"message":"Logger initialized successfully"}
{"level":30,"timestamp":"2025-05-30T14:20:29.740Z","env":"production","version":"0.0.0","env":"production","nodeVersion":"v22.14.0","pid":22796,"message":"Logger initialized successfully"}
{"level":30,"timestamp":"2025-05-30T14:21:13.046Z","env":"production","version":"0.0.0","env":"production","nodeVersion":"v22.14.0","pid":20216,"message":"Logger initialized successfully"}
{"level":30,"timestamp":"2025-05-30T14:21:32.865Z","env":"production","version":"0.0.0","env":"production","nodeVersion":"v22.14.0","pid":30624,"message":"Logger initialized successfully"}
{"level":30,"timestamp":"2025-05-30T14:22:37.026Z","env":"production","version":"0.0.0","env":"production","nodeVersion":"v22.14.0","pid":21124,"message":"Logger initialized successfully"}
{"level":30,"timestamp":"2025-05-30T14:23:28.442Z","env":"production","version":"0.0.0","env":"production","nodeVersion":"v22.14.0","pid":28892,"message":"Logger initialized successfully"}
{"level":30,"timestamp":"2025-05-30T14:36:13.413Z","env":"production","version":"0.0.0","env":"production","nodeVersion":"v22.14.0","pid":18268,"message":"Logger initialized successfully"}
{"level":30,"timestamp":"2025-05-30T14:36:23.447Z","env":"production","version":"0.0.0","env":"production","nodeVersion":"v22.14.0","pid":1064,"message":"Logger initialized successfully"}
{"level":30,"timestamp":"2025-05-30T14:36:46.841Z","env":"production","version":"0.0.0","env":"production","nodeVersion":"v22.14.0","pid":33804,"message":"Logger initialized successfully"}
{"level":30,"timestamp":"2025-05-30T14:54:49.352Z","env":"production","version":"0.0.0","env":"production","nodeVersion":"v22.14.0","pid":9004,"message":"Logger initialized successfully"}
{"level":30,"timestamp":"2025-05-30T14:59:08.406Z","env":"production","version":"0.0.0","env":"production","nodeVersion":"v22.14.0","pid":13548,"message":"Logger initialized successfully"}
{"level":30,"timestamp":"2025-05-30T15:02:24.958Z","env":"production","version":"0.0.0","env":"production","nodeVersion":"v22.14.0","pid":10440,"message":"Logger initialized successfully"}
{"level":30,"timestamp":"2025-05-30T15:02:39.906Z","env":"production","version":"0.0.0","env":"production","nodeVersion":"v22.14.0","pid":34492,"message":"Logger initialized successfully"}
{"level":30,"timestamp":"2025-05-30T15:02:46.497Z","env":"production","version":"0.0.0","env":"production","nodeVersion":"v22.14.0","pid":36800,"message":"Logger initialized successfully"}
{"level":30,"timestamp":"2025-05-30T15:03:49.745Z","env":"production","version":"0.0.0","env":"production","nodeVersion":"v22.14.0","pid":19680,"message":"Logger initialized successfully"}
{"level":30,"timestamp":"2025-05-30T15:04:19.564Z","env":"production","version":"0.0.0","env":"production","nodeVersion":"v22.14.0","pid":22236,"message":"Logger initialized successfully"}
{"level":30,"timestamp":"2025-05-30T15:04:42.158Z","env":"production","version":"0.0.0","env":"production","nodeVersion":"v22.14.0","pid":24304,"message":"Logger initialized successfully"}
{"level":30,"timestamp":"2025-05-30T16:28:11.852Z","env":"production","version":"0.0.0","env":"production","nodeVersion":"v22.14.0","pid":14000,"message":"Logger initialized successfully"}
{"level":30,"timestamp":"2025-05-30T16:28:22.695Z","env":"production","version":"0.0.0","env":"production","nodeVersion":"v22.14.0","pid":31828,"message":"Logger initialized successfully"}
